// Jest Snapshot v1, https://goo.gl/fbAQLP

exports[`Survey rendered Survey 1`] = `
<div>
  <div
    className="question-section"
  >
    <div
      className="question-count"
    >
      <span>
        Question 
        1
      </span>
      /
      3
    </div>
    <div
      className="question-text"
    >
      Where do you prefer your wine coming from?
    </div>
  </div>
  <div
    className="answer-section"
  >
    <button
      className="btn btn-primary"
      disabled={false}
      onClick={[Function]}
      style={
        Object {
          "margin": "0 10px",
        }
      }
      type="button"
    >
      Spain
    </button>
    <button
      className="btn btn-primary"
      disabled={false}
      onClick={[Function]}
      style={
        Object {
          "margin": "0 10px",
        }
      }
      type="button"
    >
      France
    </button>
    <button
      className="btn btn-primary"
      disabled={false}
      onClick={[Function]}
      style={
        Object {
          "margin": "0 10px",
        }
      }
      type="button"
    >
      Italy
    </button>
    <button
      className="btn btn-primary"
      disabled={false}
      onClick={[Function]}
      style={
        Object {
          "margin": "0 10px",
        }
      }
      type="button"
    >
      other
    </button>
  </div>
</div>
`;
